[2026-01-28 22:46:37] Error message: Class "App\Controllers\R" not found | File: C:\OSPanel\home\php-8.com\app\Controllers\MainController.php | Line: 16
=================
[2026-01-28 22:46:52] Error message: Call to a member function find() on null | File: C:\OSPanel\home\php-8.com\vendor\gabordemooij\redbean\RedBeanPHP\Facade.php | Line: 1054
=================
[2026-01-28 22:47:35] Error message: Typed property Wfm\Controller::$model must not be accessed before initialization | File: C:\OSPanel\home\php-8.com\app\Controllers\MainController.php | Line: 14
=================
[2026-01-28 22:47:59] Error message: Typed property Wfm\Controller::$model must not be accessed before initialization | File: C:\OSPanel\home\php-8.com\app\Controllers\MainController.php | Line: 16
=================
[2026-01-28 22:48:49] Error message: Typed property Wfm\Controller::$model must not be accessed before initialization | File: C:\OSPanel\home\php-8.com\app\Controllers\MainController.php | Line: 16
=================
[2026-01-28 22:49:33] Error message: Class "wfm\Controller" not found | File: C:\OSPanel\home\php-8.com\app\Controllers\MainController.php | Line: 10
=================
[2026-01-28 22:49:42] Error message: Typed property Wfm\Controller::$model must not be accessed before initialization | File: C:\OSPanel\home\php-8.com\app\Controllers\MainController.php | Line: 15
=================
[2026-01-28 22:50:23] Error message: Typed property Wfm\Controller::$model must not be accessed before initialization | File: C:\OSPanel\home\php-8.com\app\Controllers\MainController.php | Line: 15
=================
[2026-01-28 22:52:00] Error message: No connection to DB | File: C:\OSPanel\home\php-8.com\vendor\wfm\Db.php | Line: 22
=================
[2026-01-28 22:53:01] Error message: No connection to DB | File: C:\OSPanel\home\php-8.com\vendor\wfm\Db.php | Line: 22
=================
[2026-01-28 22:53:09] Error message: No connection to DB | File: C:\OSPanel\home\php-8.com\vendor\wfm\Db.php | Line: 22
=================
[2026-01-28 22:54:02] Error message: Undefined array key "admin_prefix" | File: C:\OSPanel\home\php-8.com\vendor\wfm\Controller.php | Line: 43
=================
[2026-01-28 22:54:34] Error message: Typed property Wfm\Controller::$model must not be accessed before initialization | File: C:\OSPanel\home\php-8.com\app\Controllers\MainController.php | Line: 15
=================
[2026-01-28 22:58:57] Error message: Typed property Wfm\Controller::$model must not be accessed before initialization | File: C:\OSPanel\home\php-8.com\app\Controllers\MainController.php | Line: 11
=================
[2026-01-28 22:59:25] Error message: Class "app\Models\Main" not found | File: C:\OSPanel\home\php-8.com\app\Controllers\MainController.php | Line: 12
=================
[2026-01-28 22:59:49] Error message: Undefined array key "admin_prefix" | File: C:\OSPanel\home\php-8.com\vendor\wfm\Controller.php | Line: 43
=================
[2026-01-28 23:00:15] Error message: Undefined array key "admin_prefix" | File: C:\OSPanel\home\php-8.com\vendor\wfm\Controller.php | Line: 43
=================
[2026-01-28 23:03:11] Error message: Typed property Wfm\Controller::$model must not be accessed before initialization | File: C:\OSPanel\home\php-8.com\app\Controllers\MainController.php | Line: 37
=================
[2026-01-28 23:04:54] Error message: Typed property Wfm\Controller::$model must not be accessed before initialization | File: C:\OSPanel\home\php-8.com\app\Controllers\MainController.php | Line: 36
=================
[2026-01-28 23:05:38] Error message: Typed property Wfm\Controller::$model must not be accessed before initialization | File: C:\OSPanel\home\php-8.com\app\Controllers\MainController.php | Line: 36
=================
